// Jest Snapshot v1, https://goo.gl/fbAQLP

exports[`escape should escape UUIDs 1`] = `"02d07429_c2a7_4494_aec9_e8bde9176e86"`;
